// Jest Snapshot v1, https://goo.gl/fbAQLP

exports[`App renders correctly 1`] = `
<div
  className="background"
>
  <h3
    className="name"
  >
    Uladzuslau Piatrenka
  </h3>
</div>
`;
