// Jest Snapshot v1, https://goo.gl/fbAQLP

exports[`WatchNowButton renders properly 1`] = `
<button
  className="watchVideoBtn"
  type="button"
>
  Watch Now
</button>
`;
